/opt/st/stm32cubeide_2.1.0/plugins/com.st.stm32cube.ide.mcu.externaltools.gnu-tools-for-stm32.14.3.rel1.linux64_1.0.100.202602081740/tools/arm-none-eabi/include/c++/14.3.1/arm-none-eabi/thumb/v7e-m+fp/hard/bits/gthr-default.h:229:1:int __gthread_key_delete(__gthread_key_t)	16	static
../Middlewares/tflite-model/tflite_learn_1018959_4_compiled.cpp:299:13:void {anonymous}::init_tflite_tensor(size_t, TfLiteTensor*)	24	static
../Middlewares/tflite-model/tflite_learn_1018959_4_compiled.cpp:332:13:void {anonymous}::init_tflite_eval_tensor(int, TfLiteEvalTensor*)	24	static
../Middlewares/tflite-model/tflite_learn_1018959_4_compiled.cpp:355:15:void* {anonymous}::AllocatePersistentBufferImpl(TfLiteContext*, size_t)	24	static
../Middlewares/tflite-model/tflite_learn_1018959_4_compiled.cpp:398:21:TfLiteStatus {anonymous}::RequestScratchBufferInArenaImpl(TfLiteContext*, size_t, int*)	32	static
../Middlewares/tflite-model/tflite_learn_1018959_4_compiled.cpp:424:14:void* {anonymous}::GetScratchBufferImpl(TfLiteContext*, int)	16	static
../Middlewares/tflite-model/tflite_learn_1018959_4_compiled.cpp:433:13:void {anonymous}::ResetTensors()	16	static
../Middlewares/tflite-model/tflite_learn_1018959_4_compiled.cpp:442:22:TfLiteTensor* {anonymous}::GetTensorImpl(const TfLiteContext*, int)	24	static
../Middlewares/tflite-model/tflite_learn_1018959_4_compiled.cpp:465:26:TfLiteEvalTensor* {anonymous}::GetEvalTensorImpl(const TfLiteContext*, int)	24	static
../Middlewares/tflite-model/tflite_learn_1018959_4_compiled.cpp:491:3:{anonymous}::EonMicroContext::EonMicroContext()	16	static
../Middlewares/tflite-model/tflite_learn_1018959_4_compiled.cpp:493:9:virtual void* {anonymous}::EonMicroContext::AllocatePersistentBuffer(size_t)	16	static
../Middlewares/tflite-model/tflite_learn_1018959_4_compiled.cpp:497:16:virtual TfLiteStatus {anonymous}::EonMicroContext::RequestScratchBufferInArena(size_t, int*)	24	static
../Middlewares/tflite-model/tflite_learn_1018959_4_compiled.cpp:502:9:virtual void* {anonymous}::EonMicroContext::GetScratchBuffer(int)	16	static
../Middlewares/tflite-model/tflite_learn_1018959_4_compiled.cpp:506:17:virtual TfLiteTensor* {anonymous}::EonMicroContext::AllocateTempTfLiteTensor(int)	16	static
../Middlewares/tflite-model/tflite_learn_1018959_4_compiled.cpp:510:8:virtual void {anonymous}::EonMicroContext::DeallocateTempTfLiteTensor(TfLiteTensor*)	16	static
../Middlewares/tflite-model/tflite_learn_1018959_4_compiled.cpp:518:21:virtual TfLiteEvalTensor* {anonymous}::EonMicroContext::GetEvalTensor(int)	16	static
../Middlewares/tflite-model/tflite_learn_1018959_4_compiled.cpp:488:7:{anonymous}::EonMicroContext::~EonMicroContext()	16	static
../Middlewares/tflite-model/tflite_learn_1018959_4_compiled.cpp:488:7:virtual {anonymous}::EonMicroContext::~EonMicroContext()	16	static
../Middlewares/tflite-model/tflite_learn_1018959_4_compiled.cpp:527:14:TfLiteStatus tflite_learn_1018959_4_init(void* (*)(size_t, size_t))	184	static
../Middlewares/tflite-model/tflite_learn_1018959_4_compiled.cpp:599:14:TfLiteStatus tflite_learn_1018959_4_input(int, TfLiteTensor*)	16	static
../Middlewares/tflite-model/tflite_learn_1018959_4_compiled.cpp:604:14:TfLiteStatus tflite_learn_1018959_4_output(int, TfLiteTensor*)	16	static
../Middlewares/tflite-model/tflite_learn_1018959_4_compiled.cpp:609:14:TfLiteStatus tflite_learn_1018959_4_invoke()	24	static
../Middlewares/tflite-model/tflite_learn_1018959_4_compiled.cpp:681:14:TfLiteStatus tflite_learn_1018959_4_reset(void (*)(void*))	24	static
../Middlewares/tflite-model/tflite_learn_1018959_4_compiled.cpp:695:1:void __static_initialization_and_destruction_0()	4	static
../Middlewares/tflite-model/tflite_learn_1018959_4_compiled.cpp:695:1:cpp)	8	static
